  Файл: /home/user1
  Размер: 117       	Блоков: 0          Блок В/В: 4096   каталог
Устройство: 252/0	Инода: 16911024    Ссылки: 2
Доступ: (0700/drwx------)  Uid: ( 1234/   user1)   Gid: ( 1234/   user1)
Контекст: unconfined_u:object_r:user_home_dir_t:s0
Доступ:        2026-09-13 10:47:08.619094407 +0300
Модифицирован: 2026-09-12 17:04:21.947965351 +0300
Изменён:       2026-09-12 17:04:21.947965351 +0300
Создан:        2026-09-13 10:42:24.087361727 +0300
  Файл: /usr/local/bin/cat_suid_demo
  Размер: 69656     	Блоков: 144        Блок В/В: 4096   обычный файл
Устройство: 252/0	Инода: 25838782    Ссылки: 1
Доступ: (4755/-rwsr-xr-x)  Uid: (    0/    root)   Gid: (    0/    root)
Контекст: unconfined_u:object_r:bin_t:s0
Доступ:        2026-09-13 10:59:48.906070734 +0300
Модифицирован: 2026-09-13 10:59:00.505917452 +0300
Изменён:       2026-09-13 10:59:12.823956463 +0300
Создан:        2026-09-13 10:57:47.067711077 +0300
  Файл: /home/student/cat_cap_demo
  Размер: 69656     	Блоков: 144        Блок В/В: 4096   обычный файл
Устройство: 252/0	Инода: 25511748    Ссылки: 1
Доступ: (0755/-rwxr-xr-x)  Uid: ( 1000/ student)   Gid: ( 1000/ student)
Контекст: unconfined_u:object_r:user_home_t:s0
Доступ:        2026-09-13 11:00:50.052264383 +0300
Модифицирован: 2026-09-13 11:00:10.401138809 +0300
Изменён:       2026-09-13 11:00:24.917184781 +0300
Создан:        2026-09-13 11:00:10.400138806 +0300
